// Jest Snapshot v1, https://goo.gl/fbAQLP

exports[`Link render 1`] = `"<a href=\\"/gogo\\" cool=\\"wow\\">Yo</a>"`;
